▲ Next.js 16.3.4 (Turbopack)
- Environments: .env
✓ Running next.config.js took 18ms
- Experiments (use with caution):
  · cssChunking
  · optimizePackageImports

  Creating an optimized production build ...
✓ Compiled successfully in 10.8s
  Skipping validation of types
  Finished TypeScript config validation in 11ms ...
  Collecting page data using 15 workers ...
  Generating static pages using 15 workers (0/1622) ...
  Generating static pages using 15 workers (405/1622) 
  Generating static pages using 15 workers (810/1622) 
  Generating static pages using 15 workers (1216/1622) 
✓ Generating static pages using 15 workers (1622/1622) in 12.1s
  Finalizing page optimization ...

Route (app)
┌ ○ /
├ ○ /_not-found
├ ○ /about
├ ƒ /api/newsletter
├ ƒ /api/playground/examples
├ ƒ /api/playground/execute
├ ○ /blog
├   /blog/[...slug]
│ ├ ● /blog/BufReader-rust
│ ├ ● /blog/Working-with-react-component-props-typescript
│ ├ ● /blog/a-durable-cursor-for-incremental-api-synchronization
│ └ ● [+283 more paths]
├   /blog/page/[page]
│ ├ ● /blog/page/1
│ ├ ● /blog/page/2
│ ├ ● /blog/page/3
│ └ ● [+42 more paths]
├ ○ /blog/roadmap
├   /blog/tags/[tag]/page/[page]
│ ├ ● /blog/tags/oauth/page/1
│ ├ ● /blog/tags/token-refresh/page/1
│ ├ ● /blog/tags/concurrency/page/1
│ └ ● [+559 more paths]
├   /blog/topics/[cluster]
│ ├ ● /blog/topics/rust-under-the-hood
│ ├ ● /blog/topics/reliable-data-integrations
│ └ ● /blog/topics/reliable-ai-systems
├ ○ /contact
├ ○ /editor
├ ○ /hire
├ ○ /how-i-work
├ ○ /notes
├ ○ /open-source
├ ○ /robots.txt
├ ○ /rust
├ ○ /rust-failure-atlas
├   /rust-failure-atlas/area/[area]
│ ├ ● /rust-failure-atlas/area/diagnostics-macros
│ ├ ● /rust-failure-atlas/area/cargo-dependencies
│ ├ ● /rust-failure-atlas/area/async-runtime
│ └ ● [+3 more paths]
├ ○ /rust-failure-atlas/search-index
├ ○ /rust-failure-atlas/search-index.json.gz
├   /rust/failures/[slug]
│ ├ ● /rust/failures/a-borrow-cannot-outlive-the-local-value-backing-it
│ ├ ● /rust/failures/a-borrowed-temporary-usually-dies-at-the-end-of-the-statement
│ ├ ● /rust/failures/a-by-value-trait-method-cannot-move-an-unsized-dyn-value
│ └ ● [+691 more paths]
├ ○ /sitemap.xml
├ ○ /work
├ ○ /work/bitarena
├ ○ /work/inferal
├ ○ /work/inferal/relay
└ ○ /work/monitorme


○  (Static)   prerendered as static content
●  (SSG)      prerendered as static HTML (uses generateStaticParams)
ƒ  (Dynamic)  server-rendered on demand

